#
# There is insufficient memory for the Java Runtime Environment to continue.
# Native memory allocation (malloc) failed to allocate 32744 bytes. Error detail: Chunk::new
# Possible reasons:
#   The system is out of physical RAM or swap space
#   This process is running with CompressedOops enabled, and the Java Heap may be blocking the growth of the native heap
# Possible solutions:
#   Reduce memory load on the system
#   Increase physical memory or swap space
#   Check if swap backing store is full
#   Decrease Java heap size (-Xmx/-Xms)
#   Decrease number of Java threads
#   Decrease Java thread stack sizes (-Xss)
#   Set larger code cache with -XX:ReservedCodeCacheSize=
#   JVM is running with Unscaled Compressed Oops mode in which the Java heap is
#     placed in the first 4GB address space. The Java Heap base address is the
#     maximum limit for the native heap growth. Please use -XX:HeapBaseMinAddress
#     to set the Java Heap base and to place the Java Heap above 4GB virtual address.
# This output file may be truncated or incomplete.
#
#  Out of Memory Error (arena.cpp:168), pid=15888, tid=14576
#
# JRE version: OpenJDK Runtime Environment Temurin-21.0.11+10 (21.0.11+10) (build 21.0.11+10-LTS)
# Java VM: OpenJDK 64-Bit Server VM Temurin-21.0.11+10 (21.0.11+10-LTS, mixed mode, sharing, tiered, compressed oops, compressed class ptrs, parallel gc, windows-amd64)
# No core dump will be written. Minidumps are not enabled by default on client versions of Windows
#

---------------  S U M M A R Y ------------

Command Line: --add-modules=ALL-SYSTEM --add-opens=java.base/java.util=ALL-UNNAMED --add-opens=java.base/java.lang=ALL-UNNAMED --add-opens=java.base/sun.nio.fs=ALL-UNNAMED -Declipse.application=org.eclipse.jdt.ls.core.id1 -Dosgi.bundles.defaultStartLevel=4 -Declipse.product=org.eclipse.jdt.ls.core.product -Djava.import.generatesMetadataFilesAtProjectRoot=false -DDetectVMInstallationsJob.disabled=true -Dfile.encoding=utf8 -XX:+UseParallelGC -XX:GCTimeRatio=4 -XX:AdaptiveSizePolicyWeight=90 -Dsun.zip.disableMemoryMapping=true -Xmx2G -Xms100m -Xlog:disable -javaagent:c:\Users\Admin\.antigravity-ide\extensions\redhat.java-1.55.0-win32-x64\lombok\lombok-1.18.39-4050.jar -XX:+HeapDumpOnOutOfMemoryError -XX:HeapDumpPath=c:\Users\Admin\AppData\Roaming\Antigravity IDE\User\workspaceStorage\7274a2bb74da70b52ce22631336b4a77\redhat.java -Daether.dependencyCollector.impl=bf c:\Users\Admin\.antigravity-ide\extensions\redhat.java-1.55.0-win32-x64\server\plugins\org.eclipse.equinox.launcher_1.7.200.v20260619-2039.jar -configuration c:\Users\Admin\AppData\Roaming\Antigravity IDE\User\globalStorage\redhat.java\1.55.0\config_win -data c:\Users\Admin\AppData\Roaming\Antigravity IDE\User\workspaceStorage\7274a2bb74da70b52ce22631336b4a77\redhat.java\jdt_ws --pipe=\\.\pipe\lsp-7ccac129c583c3d9d2870619164f6a3e-sock

Host: AMD Ryzen 7 7445HS w/ Radeon 740M Graphics     , 12 cores, 13G,  Windows 10 , 64 bit Build 19041 (10.0.19041.5915)
Time: Tue Jul  7 21:58:33 2026 SE Asia Standard Time elapsed time: 3334.355112 seconds (0d 0h 55m 34s)

---------------  T H R E A D  ---------------

Current thread (0x000001682f9ee850):  JavaThread "C1 CompilerThread0" daemon [_thread_in_native, id=14576, stack(0x0000001ac3b00000,0x0000001ac3c00000) (1024K)]


Current CompileTask:
C1:3334355 15855   !   2       org.eclipse.jdt.internal.compiler.lookup.ReferenceBinding::getSingleAbstractMethod (1034 bytes)

Stack: [0x0000001ac3b00000,0x0000001ac3c00000]
Native frames: (J=compiled Java code, j=interpreted, Vv=VM code, C=native code)
V  [jvm.dll+0x6d7e19]
V  [jvm.dll+0x8b5096]
V  [jvm.dll+0x8b764e]
V  [jvm.dll+0x8b7d33]
V  [jvm.dll+0x284596]
V  [jvm.dll+0xc685d]
V  [jvm.dll+0xc6da1]
V  [jvm.dll+0x15c203]
V  [jvm.dll+0x16309e]
V  [jvm.dll+0x1615bc]
V  [jvm.dll+0x169d6a]
V  [jvm.dll+0x169246]
V  [jvm.dll+0x160e10]
V  [jvm.dll+0x1630ad]
V  [jvm.dll+0x1616b6]
V  [jvm.dll+0x15b3f7]
V  [jvm.dll+0x16aec8]
V  [jvm.dll+0x1569e5]
V  [jvm.dll+0x156d32]
V  [jvm.dll+0x156fe4]
V  [jvm.dll+0x1563fc]
V  [jvm.dll+0x15818d]
V  [jvm.dll+0x25baad]
V  [jvm.dll+0x25a03a]
V  [jvm.dll+0x3f868e]
V  [jvm.dll+0x85fb0d]
V  [jvm.dll+0x6d664d]
C  [ucrtbase.dll+0x21bb2]
C  [KERNEL32.DLL+0x17374]
C  [ntdll.dll+0x4cc91]


---------------  P R O C E S S  ---------------

Threads class SMR info:
_java_thread_list=0x0000016878f8f8d0, length=49, elements={
0x0000016816cf3b50, 0x000001682f9ddfe0, 0x000001682f9df8f0, 0x000001682f9e1480,
0x000001682f9e42b0, 0x000001682f9e5e80, 0x000001682f9e68e0, 0x000001682f9eb730,
0x000001682f9ee850, 0x0000016872b2a0c0, 0x0000016877020070, 0x00000168776e66c0,
0x0000016877c512f0, 0x0000016877969700, 0x0000016877b0b370, 0x0000016877a89320,
0x00000168781d0600, 0x0000016877a7b030, 0x0000016878297b50, 0x00000168782974c0,
0x000001687949a400, 0x0000016879496260, 0x00000168794968f0, 0x0000016879497610,
0x00000168794996e0, 0x0000016879499d70, 0x00000168794989c0, 0x0000016879497ca0,
0x0000016879496f80, 0x000001687949b120, 0x000001687949b7b0, 0x000001687949be40,
0x000001687949c4d0, 0x0000016879495540, 0x000001687949cb60, 0x000001687a3fae80,
0x000001687a3f7370, 0x000001687a3fa7f0, 0x000001687a3fd5e0, 0x000001687bc37800,
0x000001687bc3b310, 0x000001687bc39240, 0x000001687bc37170, 0x000001687bc3b9a0,
0x000001687bc3e790, 0x000001687bc3e100, 0x00000168770223f0, 0x000001687bc38520,
0x000001687bc3c030
}

Java Threads: ( => current thread )
  0x0000016816cf3b50 JavaThread "main"                              [_thread_blocked, id=14896, stack(0x0000001ac3000000,0x0000001ac3100000) (1024K)]
  0x000001682f9ddfe0 JavaThread "Reference Handler"          daemon [_thread_blocked, id=16920, stack(0x0000001ac3400000,0x0000001ac3500000) (1024K)]
  0x000001682f9df8f0 JavaThread "Finalizer"                  daemon [_thread_blocked, id=13936, stack(0x0000001ac3500000,0x0000001ac3600000) (1024K)]
  0x000001682f9e1480 JavaThread "Signal Dispatcher"          daemon [_thread_blocked, id=11592, stack(0x0000001ac3600000,0x0000001ac3700000) (1024K)]
  0x000001682f9e42b0 JavaThread "Attach Listener"            daemon [_thread_blocked, id=13856, stack(0x0000001ac3700000,0x0000001ac3800000) (1024K)]
  0x000001682f9e5e80 JavaThread "Service Thread"             daemon [_thread_blocked, id=3556, stack(0x0000001ac3800000,0x0000001ac3900000) (1024K)]
  0x000001682f9e68e0 JavaThread "Monitor Deflation Thread"   daemon [_thread_blocked, id=15904, stack(0x0000001ac3900000,0x0000001ac3a00000) (1024K)]
  0x000001682f9eb730 JavaThread "C2 CompilerThread0"         daemon [_thread_in_native, id=14200, stack(0x0000001ac3a00000,0x0000001ac3b00000) (1024K)]
=>0x000001682f9ee850 JavaThread "C1 CompilerThread0"         daemon [_thread_in_native, id=14576, stack(0x0000001ac3b00000,0x0000001ac3c00000) (1024K)]
  0x0000016872b2a0c0 JavaThread "Common-Cleaner"             daemon [_thread_blocked, id=11892, stack(0x0000001ac3c00000,0x0000001ac3d00000) (1024K)]
  0x0000016877020070 JavaThread "Notification Thread"        daemon [_thread_blocked, id=3212, stack(0x0000001ac3e00000,0x0000001ac3f00000) (1024K)]
  0x00000168776e66c0 JavaThread "Active Thread: Equinox Container: 71a41a70-815f-4989-9eae-0c5307c353a6"        [_thread_blocked, id=3460, stack(0x0000001ac4600000,0x0000001ac4700000) (1024K)]
  0x0000016877c512f0 JavaThread "Refresh Thread: Equinox Container: 71a41a70-815f-4989-9eae-0c5307c353a6" daemon [_thread_blocked, id=14876, stack(0x0000001ac4800000,0x0000001ac4900000) (1024K)]
  0x0000016877969700 JavaThread "Framework Event Dispatcher: Equinox Container: 71a41a70-815f-4989-9eae-0c5307c353a6" daemon [_thread_blocked, id=13664, stack(0x0000001ac4900000,0x0000001ac4a00000) (1024K)]
  0x0000016877b0b370 JavaThread "Start Level: Equinox Container: 71a41a70-815f-4989-9eae-0c5307c353a6" daemon [_thread_blocked, id=12248, stack(0x0000001ac4a00000,0x0000001ac4b00000) (1024K)]
  0x0000016877a89320 JavaThread "Bundle File Closer"         daemon [_thread_blocked, id=7536, stack(0x0000001ac4d00000,0x0000001ac4e00000) (1024K)]
  0x00000168781d0600 JavaThread "SCR Component Actor"        daemon [_thread_blocked, id=13248, stack(0x0000001ac3d00000,0x0000001ac3e00000) (1024K)]
  0x0000016877a7b030 JavaThread "Worker-JM"                         [_thread_blocked, id=14400, stack(0x0000001ac3f00000,0x0000001ac4000000) (1024K)]
  0x0000016878297b50 JavaThread "JNA Cleaner"                daemon [_thread_blocked, id=14824, stack(0x0000001ac4e00000,0x0000001ac4f00000) (1024K)]
  0x00000168782974c0 JavaThread "Worker-0"                          [_thread_blocked, id=16900, stack(0x0000001ac4f00000,0x0000001ac5000000) (1024K)]
  0x000001687949a400 JavaThread "Java indexing"              daemon [_thread_blocked, id=16916, stack(0x0000001ac5200000,0x0000001ac5300000) (1024K)]
  0x0000016879496260 JavaThread "Thread-1"                   daemon [_thread_in_native, id=16668, stack(0x0000001ac5900000,0x0000001ac5a00000) (1024K)]
  0x00000168794968f0 JavaThread "Thread-2"                   daemon [_thread_in_native, id=17256, stack(0x0000001ac5a00000,0x0000001ac5b00000) (1024K)]
  0x0000016879497610 JavaThread "Thread-3"                   daemon [_thread_in_native, id=7708, stack(0x0000001ac5b00000,0x0000001ac5c00000) (1024K)]
  0x00000168794996e0 JavaThread "Thread-4"                   daemon [_thread_in_native, id=11108, stack(0x0000001ac5c00000,0x0000001ac5d00000) (1024K)]
  0x0000016879499d70 JavaThread "Thread-5"                   daemon [_thread_in_native, id=9852, stack(0x0000001ac5d00000,0x0000001ac5e00000) (1024K)]
  0x00000168794989c0 JavaThread "Thread-6"                   daemon [_thread_in_native, id=12764, stack(0x0000001ac5e00000,0x0000001ac5f00000) (1024K)]
  0x0000016879497ca0 JavaThread "Thread-7"                   daemon [_thread_in_native, id=15624, stack(0x0000001ac5f00000,0x0000001ac6000000) (1024K)]
  0x0000016879496f80 JavaThread "Thread-8"                   daemon [_thread_in_native, id=15892, stack(0x0000001ac6000000,0x0000001ac6100000) (1024K)]
  0x000001687949b120 JavaThread "Thread-9"                   daemon [_thread_in_native, id=6488, stack(0x0000001ac6100000,0x0000001ac6200000) (1024K)]
  0x000001687949b7b0 JavaThread "Thread-10"                  daemon [_thread_in_native, id=12600, stack(0x0000001ac6200000,0x0000001ac6300000) (1024K)]
  0x000001687949be40 JavaThread "Thread-11"                  daemon [_thread_in_native, id=6956, stack(0x0000001ac6300000,0x0000001ac6400000) (1024K)]
  0x000001687949c4d0 JavaThread "Thread-12"                  daemon [_thread_in_native, id=172, stack(0x0000001ac6400000,0x0000001ac6500000) (1024K)]
  0x0000016879495540 JavaThread "Thread-13"                  daemon [_thread_in_native, id=16388, stack(0x0000001ac6500000,0x0000001ac6600000) (1024K)]
  0x000001687949cb60 JavaThread "pool-2-thread-1"                   [_thread_blocked, id=9732, stack(0x0000001ac6600000,0x0000001ac6700000) (1024K)]
  0x000001687a3fae80 JavaThread "WorkspaceEventsHandler"            [_thread_blocked, id=11256, stack(0x0000001ac6700000,0x0000001ac6800000) (1024K)]
  0x000001687a3f7370 JavaThread "pool-1-thread-1"                   [_thread_blocked, id=1544, stack(0x0000001ac6800000,0x0000001ac6900000) (1024K)]
  0x000001687a3fa7f0 JavaThread "Cleaner-0"                  daemon [_thread_blocked, id=12712, stack(0x0000001ac5700000,0x0000001ac5800000) (1024K)]
  0x000001687a3fd5e0 JavaThread "Worker-6"                          [_thread_blocked, id=12036, stack(0x0000001ac6a00000,0x0000001ac6b00000) (1024K)]
  0x000001687bc37800 JavaThread "ForkJoinPool.commonPool-worker-18" daemon [_thread_blocked, id=12512, stack(0x0000001ac2e00000,0x0000001ac2f00000) (1024K)]
  0x000001687bc3b310 JavaThread "ForkJoinPool.commonPool-worker-19" daemon [_thread_blocked, id=12020, stack(0x0000001ac2f00000,0x0000001ac3000000) (1024K)]
  0x000001687bc39240 JavaThread "ForkJoinPool.commonPool-worker-20" daemon [_thread_blocked, id=14788, stack(0x0000001ac5000000,0x0000001ac5100000) (1024K)]
  0x000001687bc37170 JavaThread "ForkJoinPool.commonPool-worker-21" daemon [_thread_blocked, id=14352, stack(0x0000001ac5100000,0x0000001ac5200000) (1024K)]
  0x000001687bc3b9a0 JavaThread "PatternSearchJob-worker-6"  daemon [_thread_blocked, id=17428, stack(0x0000001ac5500000,0x0000001ac5600000) (1024K)]
  0x000001687bc3e790 JavaThread "PatternSearchJob-worker-7"  daemon [_thread_blocked, id=16772, stack(0x0000001ac5600000,0x0000001ac5700000) (1024K)]
  0x000001687bc3e100 JavaThread "PatternSearchJob-worker-8"  daemon [_thread_blocked, id=16280, stack(0x0000001ac5800000,0x0000001ac5900000) (1024K)]
  0x00000168770223f0 JavaThread "C2 CompilerThread1"         daemon [_thread_in_native, id=18460, stack(0x0000001ac5300000,0x0000001ac5400000) (1024K)]
  0x000001687bc38520 JavaThread "ForkJoinPool.commonPool-worker-22" daemon [_thread_in_Java, id=14368, stack(0x0000001ac5400000,0x0000001ac5500000) (1024K)]
  0x000001687bc3c030 JavaThread "ForkJoinPool.commonPool-worker-23" daemon [_thread_blocked, id=1576, stack(0x0000001ac6900000,0x0000001ac6a00000) (1024K)]
Total: 49

Other Threads:
  0x000001682f9c2270 VMThread "VM Thread"                           [id=13988, stack(0x0000001ac3300000,0x0000001ac3400000) (1024K)]
  0x000001682f871920 WatcherThread "VM Periodic Task Thread"        [id=12444, stack(0x0000001ac3200000,0x0000001ac3300000) (1024K)]
  0x0000016818f4c050 WorkerThread "GC Thread#0"                     [id=14068, stack(0x0000001ac3100000,0x0000001ac3200000) (1024K)]
  0x00000168771a4d90 WorkerThread "GC Thread#1"                     [id=11924, stack(0x0000001ac4000000,0x0000001ac4100000) (1024K)]
  0x00000168771a5140 WorkerThread "GC Thread#2"                     [id=14328, stack(0x0000001ac4100000,0x0000001ac4200000) (1024K)]
  0x00000168771a5c50 WorkerThread "GC Thread#3"                     [id=13572, stack(0x0000001ac4200000,0x0000001ac4300000) (1024K)]
  0x00000168771a54f0 WorkerThread "GC Thread#4"                     [id=10620, stack(0x0000001ac4300000,0x0000001ac4400000) (1024K)]
  0x00000168771a6760 WorkerThread "GC Thread#5"                     [id=8812, stack(0x0000001ac4400000,0x0000001ac4500000) (1024K)]
  0x00000168771a58a0 WorkerThread "GC Thread#6"                     [id=13660, stack(0x0000001ac4500000,0x0000001ac4600000) (1024K)]
  0x0000016877c4e1f0 WorkerThread "GC Thread#7"                     [id=15984, stack(0x0000001ac4700000,0x0000001ac4800000) (1024K)]
  0x0000016877c4d6e0 WorkerThread "GC Thread#8"                     [id=3736, stack(0x0000001ac4b00000,0x0000001ac4c00000) (1024K)]
  0x0000016877c4e5a0 WorkerThread "GC Thread#9"                     [id=12824, stack(0x0000001ac4c00000,0x0000001ac4d00000) (1024K)]
Total: 12

Threads with active compile tasks:
C2 CompilerThread0  3334377 15459       4       lombok.eclipse.agent.PatchExtensionMethod::getTypeNode (47 bytes)
C1 CompilerThread0  3334377 15855   !   2       org.eclipse.jdt.internal.compiler.lookup.ReferenceBinding::getSingleAbstractMethod (1034 bytes)
C2 CompilerThread1  3334377 15458   !   4       lombok.eclipse.agent.PatchExtensionMethod::resolveType (870 bytes)
Total: 3

VM state: not at safepoint (normal execution)

VM Mutex/Monitor currently owned by a thread: None

Heap address: 0x0000000080000000, size: 2048 MB, Compressed Oops mode: 32-bit

CDS archive(s) mapped at: [0x0000016830000000-0x0000016830ba0000-0x0000016830ba0000), size 12189696, SharedBaseAddress: 0x0000016830000000, ArchiveRelocationMode: 1.
Compressed class space mapped at: 0x0000016831000000-0x0000016871000000, reserved size: 1073741824
Narrow klass base: 0x0000016830000000, Narrow klass shift: 0, Narrow klass range: 0x100000000

GC Precious Log:
 CardTable entry size: 512
 CPUs: 12 total, 12 available
 Memory: 14063M
 Large Page Support: Disabled
 NUMA Support: Disabled
 Compressed Oops: Enabled (32-bit)
 Alignments: Space 512K, Generation 512K, Heap 2M
 Heap Min Capacity: 100M
 Heap Initial Capacity: 100M
 Heap Max Capacity: 2G
 Pre-touch: Disabled
 Parallel Workers: 10

Heap:
 PSYoungGen      total 3072K, used 2514K [0x00000000d5580000, 0x00000000d5980000, 0x0000000100000000)
  eden space 2048K, 77% used [0x00000000d5580000,0x00000000d570c998,0x00000000d5780000)
  from space 1024K, 90% used [0x00000000d5780000,0x00000000d5868000,0x00000000d5880000)
  to   space 1024K, 0% used [0x00000000d5880000,0x00000000d5880000,0x00000000d5980000)
 ParOldGen       total 803840K, used 116900K [0x0000000080000000, 0x00000000b1100000, 0x00000000d5580000)
  object space 803840K, 14% used [0x0000000080000000,0x00000000872292a8,0x00000000b1100000)
 Metaspace       used 71541K, committed 73152K, reserved 1114112K
  class space    used 7230K, committed 8000K, reserved 1048576K

Card table byte_map: [0x0000016818910000,0x0000016818d20000] _byte_map_base: 0x0000016818510000

Marking Bits: (ParMarkBitMap*) 0x00007ffa63c24460
 Begin Bits: [0x000001682b3f0000, 0x000001682d3f0000)
 End Bits:   [0x000001682d3f0000, 0x000001682f3f0000)

Polling page: 0x0000016818700000

Metaspace:

Usage:
  Non-class:     62.80 MB used.
      Class:      7.06 MB used.
       Both:     69.86 MB used.

Virtual space:
  Non-class space:       64.00 MB reserved,      63.62 MB (>99%) committed,  1 nodes.
      Class space:        1.00 GB reserved,       7.81 MB ( <1%) committed,  1 nodes.
             Both:        1.06 GB reserved,      71.44 MB (  7%) committed. 

Chunk freelists:
   Non-Class:  437.00 KB
       Class:  8.30 MB
        Both:  8.73 MB

MaxMetaspaceSize: unlimited
CompressedClassSpaceSize: 1.00 GB
Initial GC threshold: 21.00 MB
Current GC threshold: 118.56 MB
CDS: on
 - commit_granule_bytes: 65536.
 - commit_granule_words: 8192.
 - virtual_space_node_default_size: 8388608.
 - enlarge_chunks_in_place: 1.
 - use_allocation_guard: 0.


Internal statistics:

num_allocs_failed_limit: 9.
num_arena_births: 1362.
num_arena_deaths: 282.
num_vsnodes_births: 2.
num_vsnodes_deaths: 0.
num_space_committed: 1143.
num_space_uncommitted: 0.
num_chunks_returned_to_freelist: 315.
num_chunks_taken_from_freelist: 4906.
num_chunk_merges: 80.
num_chunk_splits: 2936.
num_chunks_enlarged: 1670.
num_inconsistent_stats: 0.

CodeHeap 'non-profiled nmethods': size=120000Kb used=12592Kb max_used=13441Kb free=107407Kb
 bounds [0x0000016823c10000, 0x0000016824940000, 0x000001682b140000]
CodeHeap 'profiled nmethods': size=120000Kb used=34091Kb max_used=37593Kb free=85908Kb
 bounds [0x000001681c140000, 0x000001681e600000, 0x0000016823670000]
CodeHeap 'non-nmethods': size=5760Kb used=1478Kb max_used=1586Kb free=4281Kb
 bounds [0x0000016823670000, 0x00000168238e0000, 0x0000016823c10000]
CodeCache: size=245760Kb, used=48161Kb, max_used=52620Kb, free=197596Kb
 total_blobs=14618, nmethods=13831, adapters=691, full_count=0
Compilation: enabled, stopped_count=0, restarted_count=0

Compilation events (20 events):
Event: 3334.314 Thread 0x000001682f9ee850 nmethod 15843 0x000001681c6c9390 code [0x000001681c6c9540, 0x000001681c6c9748]
Event: 3334.317 Thread 0x000001682f9ee850 15844       2       org.eclipse.jdt.internal.compiler.lookup.InferenceSubstitution::<init> (17 bytes)
Event: 3334.318 Thread 0x000001682f9ee850 nmethod 15844 0x000001681c504e90 code [0x000001681c505040, 0x000001681c505178]
Event: 3334.319 Thread 0x000001682f9ee850 15845       2       org.eclipse.jdt.internal.compiler.ast.Annotation::isRuntimeInvisible (44 bytes)
Event: 3334.319 Thread 0x000001682f9ee850 nmethod 15845 0x000001681c78e490 code [0x000001681c78e660, 0x000001681c78e860]
Event: 3334.320 Thread 0x000001682f9ee850 15846       2       org.eclipse.jdt.internal.compiler.ast.ThisReference::generateCode (34 bytes)
Event: 3334.320 Thread 0x000001682f9ee850 nmethod 15846 0x000001681c84ca90 code [0x000001681c84cc40, 0x000001681c84cde8]
Event: 3334.322 Thread 0x000001682f9ee850 15847   !   2       org.eclipse.jdt.core.dom.ASTConverter::retrieveEndOfPotentialExtendedDimensions (246 bytes)
Event: 3334.323 Thread 0x000001682f9ee850 nmethod 15847 0x000001681c2a2690 code [0x000001681c2a2880, 0x000001681c2a2eb0]
Event: 3334.348 Thread 0x000001682f9ee850 15850       2       org.eclipse.jdt.internal.compiler.lookup.ParameterizedMethodBinding$1::substitute (79 bytes)
Event: 3334.349 Thread 0x000001682f9ee850 nmethod 15850 0x000001681cd57a10 code [0x000001681cd57c00, 0x000001681cd57f08]
Event: 3334.350 Thread 0x000001682f9ee850 15851       2       org.eclipse.jdt.internal.compiler.ast.LambdaExpression::kosherDescriptor (33 bytes)
Event: 3334.350 Thread 0x000001682f9ee850 nmethod 15851 0x000001681c520690 code [0x000001681c520860, 0x000001681c520a48]
Event: 3334.350 Thread 0x000001682f9ee850 15853       2       org.eclipse.jdt.internal.compiler.ast.FunctionalExpression$VisibilityInspector::visible (10 bytes)
Event: 3334.351 Thread 0x000001682f9ee850 nmethod 15853 0x000001681d193b90 code [0x000001681d193d40, 0x000001681d193e70]
Event: 3334.351 Thread 0x000001682f9ee850 15854       2       org.eclipse.jdt.internal.compiler.ast.FunctionalExpression$VisibilityInspector::visible (10 bytes)
Event: 3334.351 Thread 0x000001682f9ee850 nmethod 15854 0x000001681c51d290 code [0x000001681c51d440, 0x000001681c51d570]
Event: 3334.351 Thread 0x000001682f9ee850 15852       2       org.eclipse.jdt.internal.compiler.ast.FunctionalExpression::kosherDescriptor (97 bytes)
Event: 3334.351 Thread 0x000001682f9ee850 nmethod 15852 0x000001681c9c8410 code [0x000001681c9c85e0, 0x000001681c9c88e8]
Event: 3334.352 Thread 0x000001682f9ee850 15855   !   2       org.eclipse.jdt.internal.compiler.lookup.ReferenceBinding::getSingleAbstractMethod (1034 bytes)

GC Heap History (20 events):
Event: 3334.237 GC heap before
{Heap before GC invocations=1051 (full 4):
 PSYoungGen      total 3072K, used 2999K [0x00000000d5580000, 0x00000000d5980000, 0x0000000100000000)
  eden space 2048K, 99% used [0x00000000d5580000,0x00000000d577fff8,0x00000000d5780000)
  from space 1024K, 92% used [0x00000000d5880000,0x00000000d596dd10,0x00000000d5980000)
  to   space 1024K, 0% used [0x00000000d5780000,0x00000000d5780000,0x00000000d5880000)
 ParOldGen       total 803840K, used 108466K [0x0000000080000000, 0x00000000b1100000, 0x00000000d5580000)
  object space 803840K, 13% used [0x0000000080000000,0x00000000869ecbe0,0x00000000b1100000)
 Metaspace       used 71495K, committed 73088K, reserved 1114112K
  class space    used 7229K, committed 8000K, reserved 1048576K
}
Event: 3334.238 GC heap after
{Heap after GC invocations=1051 (full 4):
 PSYoungGen      total 3072K, used 832K [0x00000000d5580000, 0x00000000d5980000, 0x0000000100000000)
  eden space 2048K, 0% used [0x00000000d5580000,0x00000000d5580000,0x00000000d5780000)
  from space 1024K, 81% used [0x00000000d5780000,0x00000000d5850000,0x00000000d5880000)
  to   space 1024K, 0% used [0x00000000d5880000,0x00000000d5880000,0x00000000d5980000)
 ParOldGen       total 803840K, used 109102K [0x0000000080000000, 0x00000000b1100000, 0x00000000d5580000)
  object space 803840K, 13% used [0x0000000080000000,0x0000000086a8bb38,0x00000000b1100000)
 Metaspace       used 71495K, committed 73088K, reserved 1114112K
  class space    used 7229K, committed 8000K, reserved 1048576K
}
Event: 3334.247 GC heap before
{Heap before GC invocations=1052 (full 4):
 PSYoungGen      total 3072K, used 2879K [0x00000000d5580000, 0x00000000d5980000, 0x0000000100000000)
  eden space 2048K, 99% used [0x00000000d5580000,0x00000000d577fff8,0x00000000d5780000)
  from space 1024K, 81% used [0x00000000d5780000,0x00000000d5850000,0x00000000d5880000)
  to   space 1024K, 0% used [0x00000000d5880000,0x00000000d5880000,0x00000000d5980000)
 ParOldGen       total 803840K, used 109102K [0x0000000080000000, 0x00000000b1100000, 0x00000000d5580000)
  object space 803840K, 13% used [0x0000000080000000,0x0000000086a8bb38,0x00000000b1100000)
 Metaspace       used 71495K, committed 73088K, reserved 1114112K
  class space    used 7229K, committed 8000K, reserved 1048576K
}
Event: 3334.248 GC heap after
{Heap after GC invocations=1052 (full 4):
 PSYoungGen      total 3072K, used 704K [0x00000000d5580000, 0x00000000d5980000, 0x0000000100000000)
  eden space 2048K, 0% used [0x00000000d5580000,0x00000000d5580000,0x00000000d5780000)
  from space 1024K, 68% used [0x00000000d5880000,0x00000000d5930000,0x00000000d5980000)
  to   space 1024K, 0% used [0x00000000d5780000,0x00000000d5780000,0x00000000d5880000)
 ParOldGen       total 803840K, used 109830K [0x0000000080000000, 0x00000000b1100000, 0x00000000d5580000)
  object space 803840K, 13% used [0x0000000080000000,0x0000000086b41ab0,0x00000000b1100000)
 Metaspace       used 71495K, committed 73088K, reserved 1114112K
  class space    used 7229K, committed 8000K, reserved 1048576K
}
Event: 3334.262 GC heap before
{Heap before GC invocations=1053 (full 4):
 PSYoungGen      total 3072K, used 2752K [0x00000000d5580000, 0x00000000d5980000, 0x0000000100000000)
  eden space 2048K, 100% used [0x00000000d5580000,0x00000000d5780000,0x00000000d5780000)
  from space 1024K, 68% used [0x00000000d5880000,0x00000000d5930000,0x00000000d5980000)
  to   space 1024K, 0% used [0x00000000d5780000,0x00000000d5780000,0x00000000d5880000)
 ParOldGen       total 803840K, used 109830K [0x0000000080000000, 0x00000000b1100000, 0x00000000d5580000)
  object space 803840K, 13% used [0x0000000080000000,0x0000000086b41ab0,0x00000000b1100000)
 Metaspace       used 71506K, committed 73088K, reserved 1114112K
  class space    used 7229K, committed 8000K, reserved 1048576K
}
Event: 3334.263 GC heap after
{Heap after GC invocations=1053 (full 4):
 PSYoungGen      total 3072K, used 808K [0x00000000d5580000, 0x00000000d5980000, 0x0000000100000000)
  eden space 2048K, 0% used [0x00000000d5580000,0x00000000d5580000,0x00000000d5780000)
  from space 1024K, 78% used [0x00000000d5780000,0x00000000d584a230,0x00000000d5880000)
  to   space 1024K, 0% used [0x00000000d5880000,0x00000000d5880000,0x00000000d5980000)
 ParOldGen       total 803840K, used 110430K [0x0000000080000000, 0x00000000b1100000, 0x00000000d5580000)
  object space 803840K, 13% used [0x0000000080000000,0x0000000086bd7ab0,0x00000000b1100000)
 Metaspace       used 71506K, committed 73088K, reserved 1114112K
  class space    used 7229K, committed 8000K, reserved 1048576K
}
Event: 3334.269 GC heap before
{Heap before GC invocations=1054 (full 4):
 PSYoungGen      total 3072K, used 2856K [0x00000000d5580000, 0x00000000d5980000, 0x0000000100000000)
  eden space 2048K, 100% used [0x00000000d5580000,0x00000000d5780000,0x00000000d5780000)
  from space 1024K, 78% used [0x00000000d5780000,0x00000000d584a230,0x00000000d5880000)
  to   space 1024K, 0% used [0x00000000d5880000,0x00000000d5880000,0x00000000d5980000)
 ParOldGen       total 803840K, used 110430K [0x0000000080000000, 0x00000000b1100000, 0x00000000d5580000)
  object space 803840K, 13% used [0x0000000080000000,0x0000000086bd7ab0,0x00000000b1100000)
 Metaspace       used 71506K, committed 73088K, reserved 1114112K
  class space    used 7229K, committed 8000K, reserved 1048576K
}
Event: 3334.270 GC heap after
{Heap after GC invocations=1054 (full 4):
 PSYoungGen      total 3072K, used 896K [0x00000000d5580000, 0x00000000d5980000, 0x0000000100000000)
  eden space 2048K, 0% used [0x00000000d5580000,0x00000000d5580000,0x00000000d5780000)
  from space 1024K, 87% used [0x00000000d5880000,0x00000000d5960000,0x00000000d5980000)
  to   space 1024K, 0% used [0x00000000d5780000,0x00000000d5780000,0x00000000d5880000)
 ParOldGen       total 803840K, used 111079K [0x0000000080000000, 0x00000000b1100000, 0x00000000d5580000)
  object space 803840K, 13% used [0x0000000080000000,0x0000000086c79d60,0x00000000b1100000)
 Metaspace       used 71506K, committed 73088K, reserved 1114112K
  class space    used 7229K, committed 8000K, reserved 1048576K
}
Event: 3334.279 GC heap before
{Heap before GC invocations=1055 (full 4):
 PSYoungGen      total 3072K, used 2944K [0x00000000d5580000, 0x00000000d5980000, 0x0000000100000000)
  eden space 2048K, 100% used [0x00000000d5580000,0x00000000d5780000,0x00000000d5780000)
  from space 1024K, 87% used [0x00000000d5880000,0x00000000d5960000,0x00000000d5980000)
  to   space 1024K, 0% used [0x00000000d5780000,0x00000000d5780000,0x00000000d5880000)
 ParOldGen       total 803840K, used 111079K [0x0000000080000000, 0x00000000b1100000, 0x00000000d5580000)
  object space 803840K, 13% used [0x0000000080000000,0x0000000086c79d60,0x00000000b1100000)
 Metaspace       used 71512K, committed 73088K, reserved 1114112K
  class space    used 7229K, committed 8000K, reserved 1048576K
}
Event: 3334.280 GC heap after
{Heap after GC invocations=1055 (full 4):
 PSYoungGen      total 3072K, used 672K [0x00000000d5580000, 0x00000000d5980000, 0x0000000100000000)
  eden space 2048K, 0% used [0x00000000d5580000,0x00000000d5580000,0x00000000d5780000)
  from space 1024K, 65% used [0x00000000d5780000,0x00000000d5828000,0x00000000d5880000)
  to   space 1024K, 0% used [0x00000000d5880000,0x00000000d5880000,0x00000000d5980000)
 ParOldGen       total 803840K, used 111828K [0x0000000080000000, 0x00000000b1100000, 0x00000000d5580000)
  object space 803840K, 13% used [0x0000000080000000,0x0000000086d353d8,0x00000000b1100000)
 Metaspace       used 71512K, committed 73088K, reserved 1114112K
  class space    used 7229K, committed 8000K, reserved 1048576K
}
Event: 3334.295 GC heap before
{Heap before GC invocations=1056 (full 4):
 PSYoungGen      total 3072K, used 2720K [0x00000000d5580000, 0x00000000d5980000, 0x0000000100000000)
  eden space 2048K, 100% used [0x00000000d5580000,0x00000000d5780000,0x00000000d5780000)
  from space 1024K, 65% used [0x00000000d5780000,0x00000000d5828000,0x00000000d5880000)
  to   space 1024K, 0% used [0x00000000d5880000,0x00000000d5880000,0x00000000d5980000)
 ParOldGen       total 803840K, used 111828K [0x0000000080000000, 0x00000000b1100000, 0x00000000d5580000)
  object space 803840K, 13% used [0x0000000080000000,0x0000000086d353d8,0x00000000b1100000)
 Metaspace       used 71520K, committed 73088K, reserved 1114112K
  class space    used 7229K, committed 8000K, reserved 1048576K
}
Event: 3334.297 GC heap after
{Heap after GC invocations=1056 (full 4):
 PSYoungGen      total 3072K, used 800K [0x00000000d5580000, 0x00000000d5980000, 0x0000000100000000)
  eden space 2048K, 0% used [0x00000000d5580000,0x00000000d5580000,0x00000000d5780000)
  from space 1024K, 78% used [0x00000000d5880000,0x00000000d5948000,0x00000000d5980000)
  to   space 1024K, 0% used [0x00000000d5780000,0x00000000d5780000,0x00000000d5880000)
 ParOldGen       total 803840K, used 112424K [0x0000000080000000, 0x00000000b1100000, 0x00000000d5580000)
  object space 803840K, 13% used [0x0000000080000000,0x0000000086dca0d8,0x00000000b1100000)
 Metaspace       used 71520K, committed 73088K, reserved 1114112K
  class space    used 7229K, committed 8000K, reserved 1048576K
}
Event: 3334.304 GC heap before
{Heap before GC invocations=1057 (full 4):
 PSYoungGen      total 3072K, used 2848K [0x00000000d5580000, 0x00000000d5980000, 0x0000000100000000)
  eden space 2048K, 100% used [0x00000000d5580000,0x00000000d5780000,0x00000000d5780000)
  from space 1024K, 78% used [0x00000000d5880000,0x00000000d5948000,0x00000000d5980000)
  to   space 1024K, 0% used [0x00000000d5780000,0x00000000d5780000,0x00000000d5880000)
 ParOldGen       total 803840K, used 112424K [0x0000000080000000, 0x00000000b1100000, 0x00000000d5580000)
  object space 803840K, 13% used [0x0000000080000000,0x0000000086dca0d8,0x00000000b1100000)
 Metaspace       used 71522K, committed 73088K, reserved 1114112K
  class space    used 7229K, committed 8000K, reserved 1048576K
}
Event: 3334.305 GC heap after
{Heap after GC invocations=1057 (full 4):
 PSYoungGen      total 3072K, used 880K [0x00000000d5580000, 0x00000000d5980000, 0x0000000100000000)
  eden space 2048K, 0% used [0x00000000d5580000,0x00000000d5580000,0x00000000d5780000)
  from space 1024K, 85% used [0x00000000d5780000,0x00000000d585c010,0x00000000d5880000)
  to   space 1024K, 0% used [0x00000000d5880000,0x00000000d5880000,0x00000000d5980000)
 ParOldGen       total 803840K, used 112970K [0x0000000080000000, 0x00000000b1100000, 0x00000000d5580000)
  object space 803840K, 14% used [0x0000000080000000,0x0000000086e529a8,0x00000000b1100000)
 Metaspace       used 71522K, committed 73088K, reserved 1114112K
  class space    used 7229K, committed 8000K, reserved 1048576K
}
Event: 3334.315 GC heap before
{Heap before GC invocations=1058 (full 4):
 PSYoungGen      total 3072K, used 2928K [0x00000000d5580000, 0x00000000d5980000, 0x0000000100000000)
  eden space 2048K, 100% used [0x00000000d5580000,0x00000000d5780000,0x00000000d5780000)
  from space 1024K, 85% used [0x00000000d5780000,0x00000000d585c010,0x00000000d5880000)
  to   space 1024K, 0% used [0x00000000d5880000,0x00000000d5880000,0x00000000d5980000)
 ParOldGen       total 803840K, used 112970K [0x0000000080000000, 0x00000000b1100000, 0x00000000d5580000)
  object space 803840K, 14% used [0x0000000080000000,0x0000000086e529a8,0x00000000b1100000)
 Metaspace       used 71533K, committed 73152K, reserved 1114112K
  class space    used 7229K, committed 8000K, reserved 1048576K
}
Event: 3334.316 GC heap after
{Heap after GC invocations=1058 (full 4):
 PSYoungGen      total 3072K, used 672K [0x00000000d5580000, 0x00000000d5980000, 0x0000000100000000)
  eden space 2048K, 0% used [0x00000000d5580000,0x00000000d5580000,0x00000000d5780000)
  from space 1024K, 65% used [0x00000000d5880000,0x00000000d5928000,0x00000000d5980000)
  to   space 1024K, 0% used [0x00000000d5780000,0x00000000d5780000,0x00000000d5880000)
 ParOldGen       total 803840K, used 113760K [0x0000000080000000, 0x00000000b1100000, 0x00000000d5580000)
  object space 803840K, 14% used [0x0000000080000000,0x0000000086f18020,0x00000000b1100000)
 Metaspace       used 71533K, committed 73152K, reserved 1114112K
  class space    used 7229K, committed 8000K, reserved 1048576K
}
Event: 3334.331 GC heap before
{Heap before GC invocations=1059 (full 4):
 PSYoungGen      total 3072K, used 2705K [0x00000000d5580000, 0x00000000d5980000, 0x0000000100000000)
  eden space 2048K, 99% used [0x00000000d5580000,0x00000000d577c438,0x00000000d5780000)
  from space 1024K, 65% used [0x00000000d5880000,0x00000000d5928000,0x00000000d5980000)
  to   space 1024K, 0% used [0x00000000d5780000,0x00000000d5780000,0x00000000d5880000)
 ParOldGen       total 803840K, used 113760K [0x0000000080000000, 0x00000000b1100000, 0x00000000d5580000)
  object space 803840K, 14% used [0x0000000080000000,0x0000000086f18020,0x00000000b1100000)
 Metaspace       used 71533K, committed 73152K, reserved 1114112K
  class space    used 7229K, committed 8000K, reserved 1048576K
}
Event: 3334.332 GC heap after
{Heap after GC invocations=1059 (full 4):
 PSYoungGen      total 3072K, used 657K [0x00000000d5580000, 0x00000000d5980000, 0x0000000100000000)
  eden space 2048K, 0% used [0x00000000d5580000,0x00000000d5580000,0x00000000d5780000)
  from space 1024K, 64% used [0x00000000d5780000,0x00000000d5824540,0x00000000d5880000)
  to   space 1024K, 0% used [0x00000000d5880000,0x00000000d5880000,0x00000000d5980000)
 ParOldGen       total 803840K, used 114371K [0x0000000080000000, 0x00000000b1100000, 0x00000000d5580000)
  object space 803840K, 14% used [0x0000000080000000,0x0000000086fb0d20,0x00000000b1100000)
 Metaspace       used 71533K, committed 73152K, reserved 1114112K
  class space    used 7229K, committed 8000K, reserved 1048576K
}
Event: 3334.341 GC heap before
{Heap before GC invocations=1060 (full 4):
 PSYoungGen      total 3072K, used 2705K [0x00000000d5580000, 0x00000000d5980000, 0x0000000100000000)
  eden space 2048K, 100% used [0x00000000d5580000,0x00000000d5780000,0x00000000d5780000)
  from space 1024K, 64% used [0x00000000d5780000,0x00000000d5824540,0x00000000d5880000)
  to   space 1024K, 0% used [0x00000000d5880000,0x00000000d5880000,0x00000000d5980000)
 ParOldGen       total 803840K, used 114371K [0x0000000080000000, 0x00000000b1100000, 0x00000000d5580000)
  object space 803840K, 14% used [0x0000000080000000,0x0000000086fb0d20,0x00000000b1100000)
 Metaspace       used 71535K, committed 73152K, reserved 1114112K
  class space    used 7230K, committed 8000K, reserved 1048576K
}
Event: 3334.342 GC heap after
{Heap after GC invocations=1060 (full 4):
 PSYoungGen      total 3072K, used 896K [0x00000000d5580000, 0x00000000d5980000, 0x0000000100000000)
  eden space 2048K, 0% used [0x00000000d5580000,0x00000000d5580000,0x00000000d5780000)
  from space 1024K, 87% used [0x00000000d5880000,0x00000000d5960000,0x00000000d5980000)
  to   space 1024K, 0% used [0x00000000d5780000,0x00000000d5780000,0x00000000d5880000)
 ParOldGen       total 803840K, used 114887K [0x0000000080000000, 0x00000000b1100000, 0x00000000d5580000)
  object space 803840K, 14% used [0x0000000080000000,0x0000000087031c98,0x00000000b1100000)
 Metaspace       used 71535K, committed 73152K, reserved 1114112K
  class space    used 7230K, committed 8000K, reserved 1048576K
}

Dll operation events (10 events):
Event: 0.005 Loaded shared library c:\Users\Admin\.antigravity-ide\extensions\redhat.java-1.55.0-win32-x64\jre\21.0.11-win32-x86_64\bin\java.dll
Event: 0.082 Loaded shared library c:\Users\Admin\.antigravity-ide\extensions\redhat.java-1.55.0-win32-x64\jre\21.0.11-win32-x86_64\bin\zip.dll
Event: 0.098 Loaded shared library C:\Users\Admin\.antigravity-ide\extensions\redhat.java-1.55.0-win32-x64\jre\21.0.11-win32-x86_64\bin\instrument.dll
Event: 0.104 Loaded shared library C:\Users\Admin\.antigravity-ide\extensions\redhat.java-1.55.0-win32-x64\jre\21.0.11-win32-x86_64\bin\net.dll
Event: 0.105 Loaded shared library C:\Users\Admin\.antigravity-ide\extensions\redhat.java-1.55.0-win32-x64\jre\21.0.11-win32-x86_64\bin\nio.dll
Event: 0.107 Loaded shared library C:\Users\Admin\.antigravity-ide\extensions\redhat.java-1.55.0-win32-x64\jre\21.0.11-win32-x86_64\bin\zip.dll
Event: 0.121 Loaded shared library C:\Users\Admin\.antigravity-ide\extensions\redhat.java-1.55.0-win32-x64\jre\21.0.11-win32-x86_64\bin\jimage.dll
Event: 0.184 Loaded shared library c:\Users\Admin\.antigravity-ide\extensions\redhat.java-1.55.0-win32-x64\jre\21.0.11-win32-x86_64\bin\verify.dll
Event: 1.330 Loaded shared library C:\Users\Admin\AppData\Roaming\Antigravity IDE\User\globalStorage\redhat.java\1.55.0\config_win\org.eclipse.equinox.launcher\org.eclipse.equinox.launcher.win32.win32.x86_64_1.3.100.v20260613-0559\eclipse_11924.dll
Event: 4.775 Loaded shared library C:\Users\Admin\AppData\Local\Temp\jna-63116079\jna7568518692485274114.dll

Deoptimization events (20 events):
Event: 3334.000 Thread 0x000001687a3fd5e0 Uncommon trap: trap_request=0xffffffde fr.pc=0x000001682491a484 relative=0x0000000000001424
Event: 3334.000 Thread 0x000001687a3fd5e0 Uncommon trap: reason=class_check action=maybe_recompile pc=0x000001682491a484 method=org.eclipse.jdt.internal.compiler.parser.Parser.consumeRule(I)V @ 6349 c2
Event: 3334.000 Thread 0x000001687a3fd5e0 DEOPT PACKING pc=0x000001682491a484 sp=0x0000001ac6afec50
Event: 3334.000 Thread 0x000001687a3fd5e0 DEOPT UNPACKING pc=0x00000168236c6da2 sp=0x0000001ac6afebd8 mode 2
Event: 3334.022 Thread 0x000001687a3fd5e0 Uncommon trap: trap_request=0xffffffde fr.pc=0x000001682491a2b8 relative=0x0000000000001258
Event: 3334.022 Thread 0x000001687a3fd5e0 Uncommon trap: reason=class_check action=maybe_recompile pc=0x000001682491a2b8 method=org.eclipse.jdt.internal.compiler.parser.Parser.consumeRule(I)V @ 7524 c2
Event: 3334.022 Thread 0x000001687a3fd5e0 DEOPT PACKING pc=0x000001682491a2b8 sp=0x0000001ac6afec50
Event: 3334.022 Thread 0x000001687a3fd5e0 DEOPT UNPACKING pc=0x00000168236c6da2 sp=0x0000001ac6afebd8 mode 2
Event: 3334.127 Thread 0x000001687bc3b310 Uncommon trap: trap_request=0xffffff45 fr.pc=0x0000016823c30210 relative=0x00000000000001f0
Event: 3334.127 Thread 0x000001687bc3b310 Uncommon trap: reason=unstable_if action=reinterpret pc=0x0000016823c30210 method=java.lang.String.isLatin1()Z @ 10 c2
Event: 3334.127 Thread 0x000001687bc3b310 DEOPT PACKING pc=0x0000016823c30210 sp=0x0000001ac2ffdf20
Event: 3334.127 Thread 0x000001687bc3b310 DEOPT UNPACKING pc=0x00000168236c6da2 sp=0x0000001ac2ffde58 mode 2
Event: 3334.158 Thread 0x000001687bc39240 DEOPT PACKING pc=0x000001681c1754fc sp=0x0000001ac50fdd20
Event: 3334.158 Thread 0x000001687bc39240 DEOPT UNPACKING pc=0x00000168236c78e2 sp=0x0000001ac50fd140 mode 0
Event: 3334.158 Thread 0x000001687bc39240 DEOPT PACKING pc=0x000001681c154a4c sp=0x0000001ac50fddd0
Event: 3334.158 Thread 0x000001687bc39240 DEOPT UNPACKING pc=0x00000168236c78e2 sp=0x0000001ac50fd238 mode 0
Event: 3334.212 Thread 0x000001687bc38520 DEOPT PACKING pc=0x000001681c154a4c sp=0x0000001ac54fd210
Event: 3334.212 Thread 0x000001687bc38520 DEOPT UNPACKING pc=0x00000168236c78e2 sp=0x0000001ac54fc678 mode 0
Event: 3334.275 Thread 0x000001687bc38520 DEOPT PACKING pc=0x000001681c154a4c sp=0x0000001ac54fc950
Event: 3334.275 Thread 0x000001687bc38520 DEOPT UNPACKING pc=0x00000168236c78e2 sp=0x0000001ac54fbdb8 mode 0

Classes loaded (20 events):
Event: 478.964 Loading class java/io/ObjectOutputStream$BlockDataOutputStream
Event: 478.964 Loading class java/io/ObjectOutputStream$BlockDataOutputStream done
Event: 478.964 Loading class java/io/ObjectOutputStream$HandleTable
Event: 478.964 Loading class java/io/ObjectOutputStream$HandleTable done
Event: 478.964 Loading class java/io/ObjectOutputStream$ReplaceTable
Event: 478.964 Loading class java/io/ObjectOutputStream$ReplaceTable done
Event: 1920.140 Loading class java/nio/file/Files$2
Event: 1920.140 Loading class java/nio/file/Files$2 done
Event: 1920.151 Loading class java/util/concurrent/ArrayBlockingQueue
Event: 1920.152 Loading class java/util/concurrent/ArrayBlockingQueue done
Event: 1920.201 Loading class sun/nio/ch/ChannelOutputStream
Event: 1920.201 Loading class sun/nio/ch/ChannelOutputStream done
Event: 1923.202 Loading class jdk/internal/ref/CleanerImpl$InnocuousThreadFactory
Event: 1923.203 Loading class jdk/internal/ref/CleanerImpl$InnocuousThreadFactory done
Event: 3331.394 Loading class java/util/regex/Pattern$Behind
Event: 3331.394 Loading class java/util/regex/Pattern$Behind done
Event: 3331.395 Loading class java/util/regex/Pattern$Neg
Event: 3331.395 Loading class java/util/regex/Pattern$Neg done
Event: 3331.841 Loading class java/lang/StringLatin1$CharsSpliterator
Event: 3331.841 Loading class java/lang/StringLatin1$CharsSpliterator done

Classes unloaded (20 events):
Event: 3333.780 Thread 0x000001682f9c2270 Unloading class 0x0000016831017400 'java/lang/invoke/LambdaForm$MH+0x0000016831017400'
Event: 3333.780 Thread 0x000001682f9c2270 Unloading class 0x0000016831016400 'java/lang/invoke/LambdaForm$MH+0x0000016831016400'
Event: 3333.780 Thread 0x000001682f9c2270 Unloading class 0x000001683100d800 'java/lang/invoke/LambdaForm$MH+0x000001683100d800'
Event: 3333.780 Thread 0x000001682f9c2270 Unloading class 0x000001683100d400 'java/lang/invoke/LambdaForm$MH+0x000001683100d400'
Event: 3333.780 Thread 0x000001682f9c2270 Unloading class 0x000001683100d000 'java/lang/invoke/LambdaForm$MH+0x000001683100d000'
Event: 3333.780 Thread 0x000001682f9c2270 Unloading class 0x000001683100cc00 'java/lang/invoke/LambdaForm$MH+0x000001683100cc00'
Event: 3333.780 Thread 0x000001682f9c2270 Unloading class 0x000001683100c800 'java/lang/invoke/LambdaForm$BMH+0x000001683100c800'
Event: 3333.780 Thread 0x000001682f9c2270 Unloading class 0x000001683100c000 'java/lang/invoke/LambdaForm$DMH+0x000001683100c000'
Event: 3333.780 Thread 0x000001682f9c2270 Unloading class 0x0000016831008c00 'java/lang/invoke/LambdaForm$MH+0x0000016831008c00'
Event: 3333.780 Thread 0x000001682f9c2270 Unloading class 0x0000016831008800 'java/lang/invoke/LambdaForm$MH+0x0000016831008800'
Event: 3333.780 Thread 0x000001682f9c2270 Unloading class 0x0000016831008400 'java/lang/invoke/LambdaForm$MH+0x0000016831008400'
Event: 3333.780 Thread 0x000001682f9c2270 Unloading class 0x0000016831007000 'java/lang/invoke/LambdaForm$MH+0x0000016831007000'
Event: 3333.780 Thread 0x000001682f9c2270 Unloading class 0x0000016831006800 'java/lang/invoke/LambdaForm$MH+0x0000016831006800'
Event: 3333.780 Thread 0x000001682f9c2270 Unloading class 0x0000016831006400 'java/lang/invoke/LambdaForm$MH+0x0000016831006400'
Event: 3333.780 Thread 0x000001682f9c2270 Unloading class 0x0000016831006000 'java/lang/invoke/LambdaForm$MH+0x0000016831006000'
Event: 3333.780 Thread 0x000001682f9c2270 Unloading class 0x0000016831005c00 'java/lang/invoke/LambdaForm$BMH+0x0000016831005c00'
Event: 3333.780 Thread 0x000001682f9c2270 Unloading class 0x0000016831004800 'java/lang/invoke/LambdaForm$DMH+0x0000016831004800'
Event: 3333.780 Thread 0x000001682f9c2270 Unloading class 0x0000016831002400 'java/lang/invoke/LambdaForm$MH+0x0000016831002400'
Event: 3333.780 Thread 0x000001682f9c2270 Unloading class 0x0000016831002000 'java/lang/invoke/LambdaForm$MH+0x0000016831002000'
Event: 3333.780 Thread 0x000001682f9c2270 Unloading class 0x0000016831001800 'java/lang/invoke/LambdaForm$MH+0x0000016831001800'

Classes redefined (0 events):
No events

Internal exceptions (20 events):
Event: 3334.338 Thread 0x000001687bc3b310 Implicit null exception at 0x000001681dfc459b to 0x000001681dfc4b55
Event: 3334.338 Thread 0x000001687bc3b310 Exception <a 'java/lang/NullPointerException'{0x00000000d568d798}> (0x00000000d568d798) 
thrown [s\src\hotspot\share\runtime\sharedRuntime.cpp, line 625]
Event: 3334.338 Thread 0x000001687bc3b310 Implicit null exception at 0x000001681dfc459b to 0x000001681dfc4b55
Event: 3334.338 Thread 0x000001687bc3b310 Exception <a 'java/lang/NullPointerException'{0x00000000d568de98}> (0x00000000d568de98) 
thrown [s\src\hotspot\share\runtime\sharedRuntime.cpp, line 625]
Event: 3334.338 Thread 0x000001687bc3b310 Implicit null exception at 0x000001681dfc459b to 0x000001681dfc4b55
Event: 3334.338 Thread 0x000001687bc3b310 Exception <a 'java/lang/NullPointerException'{0x00000000d569f530}> (0x00000000d569f530) 
thrown [s\src\hotspot\share\runtime\sharedRuntime.cpp, line 625]
Event: 3334.338 Thread 0x000001687bc3b310 Implicit null exception at 0x000001681dfc459b to 0x000001681dfc4b55
Event: 3334.338 Thread 0x000001687bc3b310 Exception <a 'java/lang/NullPointerException'{0x00000000d569fc48}> (0x00000000d569fc48) 
thrown [s\src\hotspot\share\runtime\sharedRuntime.cpp, line 625]
Event: 3334.338 Thread 0x000001687bc3b310 Implicit null exception at 0x000001681dfc459b to 0x000001681dfc4b55
Event: 3334.338 Thread 0x000001687bc3b310 Exception <a 'java/lang/NullPointerException'{0x00000000d56a0368}> (0x00000000d56a0368) 
thrown [s\src\hotspot\share\runtime\sharedRuntime.cpp, line 625]
Event: 3334.338 Thread 0x000001687bc3b310 Implicit null exception at 0x000001681dfc459b to 0x000001681dfc4b55
Event: 3334.338 Thread 0x000001687bc3b310 Exception <a 'java/lang/NullPointerException'{0x00000000d56ab790}> (0x00000000d56ab790) 
thrown [s\src\hotspot\share\runtime\sharedRuntime.cpp, line 625]
Event: 3334.339 Thread 0x000001687bc3b310 Implicit null exception at 0x000001681dfc459b to 0x000001681dfc4b55
Event: 3334.339 Thread 0x000001687bc3b310 Exception <a 'java/lang/NullPointerException'{0x00000000d56ac1a0}> (0x00000000d56ac1a0) 
thrown [s\src\hotspot\share\runtime\sharedRuntime.cpp, line 625]
Event: 3334.339 Thread 0x000001687bc3b310 Implicit null exception at 0x000001681dfc459b to 0x000001681dfc4b55
Event: 3334.339 Thread 0x000001687bc3b310 Exception <a 'java/lang/NullPointerException'{0x00000000d56ac938}> (0x00000000d56ac938) 
thrown [s\src\hotspot\share\runtime\sharedRuntime.cpp, line 625]
Event: 3334.339 Thread 0x000001687bc3b310 Implicit null exception at 0x000001681dfc459b to 0x000001681dfc4b55
Event: 3334.339 Thread 0x000001687bc3b310 Exception <a 'java/lang/NullPointerException'{0x00000000d56ae430}> (0x00000000d56ae430) 
thrown [s\src\hotspot\share\runtime\sharedRuntime.cpp, line 625]
Event: 3334.352 Thread 0x000001687bc3b310 Implicit null exception at 0x000001681dfc459b to 0x000001681dfc4b55
Event: 3334.352 Thread 0x000001687bc3b310 Exception <a 'java/lang/NullPointerException'{0x00000000d5714238}> (0x00000000d5714238) 
thrown [s\src\hotspot\share\runtime\sharedRuntime.cpp, line 625]

ZGC Phase Switch (0 events):
No events

VM Operations (20 events):
Event: 3334.237 Executing safepoint VM operation: ParallelGCFailedAllocation (Allocation Failure)
Event: 3334.238 Executing safepoint VM operation: ParallelGCFailedAllocation (Allocation Failure) done
Event: 3334.247 Executing safepoint VM operation: ParallelGCFailedAllocation (Allocation Failure)
Event: 3334.248 Executing safepoint VM operation: ParallelGCFailedAllocation (Allocation Failure) done
Event: 3334.262 Executing safepoint VM operation: ParallelGCFailedAllocation (Allocation Failure)
Event: 3334.263 Executing safepoint VM operation: ParallelGCFailedAllocation (Allocation Failure) done
Event: 3334.269 Executing safepoint VM operation: ParallelGCFailedAllocation (Allocation Failure)
Event: 3334.270 Executing safepoint VM operation: ParallelGCFailedAllocation (Allocation Failure) done
Event: 3334.279 Executing safepoint VM operation: ParallelGCFailedAllocation (Allocation Failure)
Event: 3334.280 Executing safepoint VM operation: ParallelGCFailedAllocation (Allocation Failure) done
Event: 3334.295 Executing safepoint VM operation: ParallelGCFailedAllocation (Allocation Failure)
Event: 3334.297 Executing safepoint VM operation: ParallelGCFailedAllocation (Allocation Failure) done
Event: 3334.304 Executing safepoint VM operation: ParallelGCFailedAllocation (Allocation Failure)
Event: 3334.305 Executing safepoint VM operation: ParallelGCFailedAllocation (Allocation Failure) done
Event: 3334.315 Executing safepoint VM operation: ParallelGCFailedAllocation (Allocation Failure)
Event: 3334.316 Executing safepoint VM operation: ParallelGCFailedAllocation (Allocation Failure) done
Event: 3334.331 Executing safepoint VM operation: ParallelGCFailedAllocation (Allocation Failure)
Event: 3334.332 Executing safepoint VM operation: ParallelGCFailedAllocation (Allocation Failure) done
Event: 3334.341 Executing safepoint VM operation: ParallelGCFailedAllocation (Allocation Failure)
Event: 3334.342 Executing safepoint VM operation: ParallelGCFailedAllocation (Allocation Failure) done

Memory protections (0 events):
No events

Nmethod flushes (20 events):
Event: 3333.834 Thread 0x000001682f9c2270 flushing  nmethod 0x000001681d1bdf90
Event: 3333.834 Thread 0x000001682f9c2270 flushing  nmethod 0x000001681d1be410
Event: 3333.834 Thread 0x000001682f9c2270 flushing  nmethod 0x000001681d1bf490
Event: 3333.834 Thread 0x000001682f9c2270 flushing  nmethod 0x000001681d1c0190
Event: 3333.834 Thread 0x000001682f9c2270 flushing  nmethod 0x000001681d1c0810
Event: 3333.834 Thread 0x000001682f9c2270 flushing  nmethod 0x000001681d1c4710
Event: 3333.834 Thread 0x000001682f9c2270 flushing  nmethod 0x000001681d1c5110
Event: 3333.834 Thread 0x000001682f9c2270 flushing  nmethod 0x000001681d1c5d90
Event: 3333.834 Thread 0x000001682f9c2270 flushing  nmethod 0x000001681d1c6590
Event: 3333.834 Thread 0x000001682f9c2270 flushing  nmethod 0x000001681d1c6910
Event: 3333.834 Thread 0x000001682f9c2270 flushing  nmethod 0x000001681d1c6f90
Event: 3333.834 Thread 0x000001682f9c2270 flushing  nmethod 0x000001681d1c7a90
Event: 3333.834 Thread 0x000001682f9c2270 flushing  nmethod 0x000001681d1cae10
Event: 3333.834 Thread 0x000001682f9c2270 flushing  nmethod 0x000001681d1cf290
Event: 3333.834 Thread 0x000001682f9c2270 flushing  nmethod 0x000001681d1ea990
Event: 3333.834 Thread 0x000001682f9c2270 flushing osr nmethod 0x000001681d201190
Event: 3333.834 Thread 0x000001682f9c2270 flushing osr nmethod 0x000001681d237610
Event: 3333.834 Thread 0x000001682f9c2270 flushing  nmethod 0x000001681d24a490
Event: 3333.834 Thread 0x000001682f9c2270 flushing  nmethod 0x000001681d254f10
Event: 3333.834 Thread 0x000001682f9c2270 flushing  nmethod 0x000001681d25be90

Events (20 events):
Event: 3011.873 Thread 0x000001687a3f7370 Thread added: 0x000001687bc3da70
Event: 3101.861 Thread 0x000001687bc3da70 Thread exited: 0x000001687bc3da70
Event: 3102.920 Thread 0x000001687a3f7370 Thread added: 0x000001687bc37800
Event: 3168.160 Thread 0x000001687bc37800 Thread exited: 0x000001687bc37800
Event: 3329.992 Thread 0x000001687a3f7370 Thread added: 0x000001687bc37800
Event: 3331.254 Thread 0x000001687a3f7370 Thread added: 0x000001687bc3b310
Event: 3331.255 Thread 0x000001687bc3b310 Thread added: 0x000001687bc39240
Event: 3331.255 Thread 0x000001687bc39240 Thread added: 0x000001687bc37170
Event: 3331.265 Thread 0x000001682f9ee850 Thread added: 0x000001687a188370
Event: 3331.300 Thread 0x000001682f9ee850 Thread added: 0x000001687a18c0c0
Event: 3332.017 Thread 0x000001687bc37800 Thread added: 0x000001687bc3b9a0
Event: 3332.018 Thread 0x000001687bc3b9a0 Thread added: 0x000001687bc3e790
Event: 3332.035 Thread 0x000001687bc3e790 Thread added: 0x000001687bc3e100
Event: 3332.273 Thread 0x000001687a18c0c0 Thread exited: 0x000001687a18c0c0
Event: 3332.280 Thread 0x000001687a188370 Thread exited: 0x000001687a188370
Event: 3332.285 Thread 0x000001682f9ee850 Thread added: 0x0000016877023190
Event: 3332.817 Thread 0x0000016877023190 Thread exited: 0x0000016877023190
Event: 3333.472 Thread 0x000001682f9ee850 Thread added: 0x00000168770223f0
Event: 3333.987 Thread 0x000001687a3f7370 Thread added: 0x000001687bc38520
Event: 3333.988 Thread 0x000001687bc38520 Thread added: 0x000001687bc3c030


Dynamic libraries:
0x00007ff797670000 - 0x00007ff79767e000 	c:\Users\Admin\.antigravity-ide\extensions\redhat.java-1.55.0-win32-x64\jre\21.0.11-win32-x86_64\bin\java.exe
0x00007ffad3c10000 - 0x00007ffad3e08000 	C:\Windows\SYSTEM32\ntdll.dll
0x00007ffad1c30000 - 0x00007ffad1cf2000 	C:\Windows\System32\KERNEL32.DLL
0x00007ffad1810000 - 0x00007ffad1b06000 	C:\Windows\System32\KERNELBASE.dll
0x00007ffad1430000 - 0x00007ffad1530000 	C:\Windows\System32\ucrtbase.dll
0x00007ffab0cc0000 - 0x00007ffab0cd8000 	c:\Users\Admin\.antigravity-ide\extensions\redhat.java-1.55.0-win32-x64\jre\21.0.11-win32-x86_64\bin\jli.dll
0x00007ffad2fb0000 - 0x00007ffad314d000 	C:\Windows\System32\USER32.dll
0x00007ffad1670000 - 0x00007ffad1692000 	C:\Windows\System32\win32u.dll
0x00007ffad3790000 - 0x00007ffad37bb000 	C:\Windows\System32\GDI32.dll
0x00007ffad16a0000 - 0x00007ffad17b9000 	C:\Windows\System32\gdi32full.dll
0x00007ffad1b10000 - 0x00007ffad1bad000 	C:\Windows\System32\msvcp_win.dll
0x00007ffa9e0a0000 - 0x00007ffa9e0be000 	c:\Users\Admin\.antigravity-ide\extensions\redhat.java-1.55.0-win32-x64\jre\21.0.11-win32-x86_64\bin\VCRUNTIME140.dll
0x00007ffab2860000 - 0x00007ffab2afa000 	C:\Windows\WinSxS\amd64_microsoft.windows.common-controls_6595b64144ccf1df_6.0.19041.5915_none_60b4b9d171f9c7c7\COMCTL32.dll
0x00007ffad31b0000 - 0x00007ffad324e000 	C:\Windows\System32\msvcrt.dll
0x00007ffad3630000 - 0x00007ffad365f000 	C:\Windows\System32\IMM32.DLL
0x00007ffaac760000 - 0x00007ffaac76c000 	c:\Users\Admin\.antigravity-ide\extensions\redhat.java-1.55.0-win32-x64\jre\21.0.11-win32-x86_64\bin\vcruntime140_1.dll
0x00007ffa688a0000 - 0x00007ffa6892d000 	c:\Users\Admin\.antigravity-ide\extensions\redhat.java-1.55.0-win32-x64\jre\21.0.11-win32-x86_64\bin\msvcp140.dll
0x00007ffa62f60000 - 0x00007ffa63d02000 	c:\Users\Admin\.antigravity-ide\extensions\redhat.java-1.55.0-win32-x64\jre\21.0.11-win32-x86_64\bin\server\jvm.dll
0x00007ffad1d80000 - 0x00007ffad1e31000 	C:\Windows\System32\ADVAPI32.dll
0x00007ffad1e40000 - 0x00007ffad1edf000 	C:\Windows\System32\sechost.dll
0x00007ffad2e60000 - 0x00007ffad2f83000 	C:\Windows\System32\RPCRT4.dll
0x00007ffad12a0000 - 0x00007ffad12c7000 	C:\Windows\System32\bcrypt.dll
0x00007ffad3250000 - 0x00007ffad32bb000 	C:\Windows\System32\WS2_32.dll
0x00007ffad1100000 - 0x00007ffad114b000 	C:\Windows\SYSTEM32\POWRPROF.dll
0x00007ffac2b00000 - 0x00007ffac2b27000 	C:\Windows\SYSTEM32\WINMM.dll
0x00007ffaca480000 - 0x00007ffaca48a000 	C:\Windows\SYSTEM32\VERSION.dll
0x00007ffad10e0000 - 0x00007ffad10f2000 	C:\Windows\SYSTEM32\UMPDC.dll
0x00007ffacf0c0000 - 0x00007ffacf0d2000 	C:\Windows\SYSTEM32\kernel.appcore.dll
0x00007ffaa84f0000 - 0x00007ffaa84fa000 	c:\Users\Admin\.antigravity-ide\extensions\redhat.java-1.55.0-win32-x64\jre\21.0.11-win32-x86_64\bin\jimage.dll
0x00007ffac7370000 - 0x00007ffac7571000 	C:\Windows\SYSTEM32\DBGHELP.DLL
0x00007ffaaa0c0000 - 0x00007ffaaa0f4000 	C:\Windows\SYSTEM32\dbgcore.DLL
0x00007ffad1530000 - 0x00007ffad15b2000 	C:\Windows\System32\bcryptPrimitives.dll
0x00007ffaa7d20000 - 0x00007ffaa7d2f000 	c:\Users\Admin\.antigravity-ide\extensions\redhat.java-1.55.0-win32-x64\jre\21.0.11-win32-x86_64\bin\instrument.dll
0x00007ffa97a70000 - 0x00007ffa97a90000 	c:\Users\Admin\.antigravity-ide\extensions\redhat.java-1.55.0-win32-x64\jre\21.0.11-win32-x86_64\bin\java.dll
0x00007ffad2670000 - 0x00007ffad2dde000 	C:\Windows\System32\SHELL32.dll
0x00007ffacf2e0000 - 0x00007ffacfa84000 	C:\Windows\SYSTEM32\windows.storage.dll
0x00007ffad32d0000 - 0x00007ffad3623000 	C:\Windows\System32\combase.dll
0x00007ffad0b20000 - 0x00007ffad0b4b000 	C:\Windows\SYSTEM32\Wldp.dll
0x00007ffad2540000 - 0x00007ffad260d000 	C:\Windows\System32\OLEAUT32.dll
0x00007ffad2490000 - 0x00007ffad253d000 	C:\Windows\System32\SHCORE.dll
0x00007ffad2e00000 - 0x00007ffad2e5b000 	C:\Windows\System32\shlwapi.dll
0x00007ffad11d0000 - 0x00007ffad11f5000 	C:\Windows\SYSTEM32\profapi.dll
0x00007ffa97f10000 - 0x00007ffa97f28000 	c:\Users\Admin\.antigravity-ide\extensions\redhat.java-1.55.0-win32-x64\jre\21.0.11-win32-x86_64\bin\zip.dll
0x00007ffaa7210000 - 0x00007ffaa7220000 	C:\Users\Admin\.antigravity-ide\extensions\redhat.java-1.55.0-win32-x64\jre\21.0.11-win32-x86_64\bin\net.dll
0x00007ffacc0a0000 - 0x00007ffacc1aa000 	C:\Windows\SYSTEM32\WINHTTP.dll
0x00007ffad0900000 - 0x00007ffad096a000 	C:\Windows\system32\mswsock.dll
0x00007ffa97360000 - 0x00007ffa97376000 	C:\Users\Admin\.antigravity-ide\extensions\redhat.java-1.55.0-win32-x64\jre\21.0.11-win32-x86_64\bin\nio.dll
0x00007ffaa71c0000 - 0x00007ffaa71d0000 	c:\Users\Admin\.antigravity-ide\extensions\redhat.java-1.55.0-win32-x64\jre\21.0.11-win32-x86_64\bin\verify.dll
0x00007ffa69810000 - 0x00007ffa69855000 	C:\Users\Admin\AppData\Roaming\Antigravity IDE\User\globalStorage\redhat.java\1.55.0\config_win\org.eclipse.equinox.launcher\org.eclipse.equinox.launcher.win32.win32.x86_64_1.3.100.v20260613-0559\eclipse_11924.dll
0x00007ffad3660000 - 0x00007ffad378b000 	C:\Windows\System32\ole32.dll
0x00007ffad0b60000 - 0x00007ffad0b78000 	C:\Windows\SYSTEM32\CRYPTSP.dll
0x00007ffad0240000 - 0x00007ffad0278000 	C:\Windows\system32\rsaenh.dll
0x00007ffad1190000 - 0x00007ffad11be000 	C:\Windows\SYSTEM32\USERENV.dll
0x00007ffad0a90000 - 0x00007ffad0a9c000 	C:\Windows\SYSTEM32\CRYPTBASE.dll
0x00007ffad0600000 - 0x00007ffad063b000 	C:\Windows\SYSTEM32\IPHLPAPI.DLL
0x00007ffad2f90000 - 0x00007ffad2f98000 	C:\Windows\System32\NSI.dll
0x00007ffa63dd0000 - 0x00007ffa63e19000 	C:\Users\Admin\AppData\Local\Temp\jna-63116079\jna7568518692485274114.dll
0x00007ffad32c0000 - 0x00007ffad32c8000 	C:\Windows\System32\PSAPI.DLL
0x00007ffacaa80000 - 0x00007ffacaa97000 	C:\Windows\SYSTEM32\dhcpcsvc6.DLL
0x00007ffaca960000 - 0x00007ffaca97d000 	C:\Windows\SYSTEM32\dhcpcsvc.DLL

JVMTI agents:
c:\Users\Admin\.antigravity-ide\extensions\redhat.java-1.55.0-win32-x64\lombok\lombok-1.18.39-4050.jar path:c:\Users\Admin\.antigravity-ide\extensions\redhat.java-1.55.0-win32-x64\jre\21.0.11-win32-x86_64\bin\instrument.dll, loaded, initialized, instrumentlib options:none

dbghelp: loaded successfully - version: 4.0.5 - missing functions: none
symbol engine: initialized successfully - sym options: 0x614 - pdb path: .;c:\Users\Admin\.antigravity-ide\extensions\redhat.java-1.55.0-win32-x64\jre\21.0.11-win32-x86_64\bin;C:\Windows\SYSTEM32;C:\Windows\WinSxS\amd64_microsoft.windows.common-controls_6595b64144ccf1df_6.0.19041.5915_none_60b4b9d171f9c7c7;c:\Users\Admin\.antigravity-ide\extensions\redhat.java-1.55.0-win32-x64\jre\21.0.11-win32-x86_64\bin\server;C:\Users\Admin\AppData\Roaming\Antigravity IDE\User\globalStorage\redhat.java\1.55.0\config_win\org.eclipse.equinox.launcher\org.eclipse.equinox.launcher.win32.win32.x86_64_1.3.100.v20260613-0559;C:\Users\Admin\AppData\Local\Temp\jna-63116079

VM Arguments:
jvm_args: --add-modules=ALL-SYSTEM --add-opens=java.base/java.util=ALL-UNNAMED --add-opens=java.base/java.lang=ALL-UNNAMED --add-opens=java.base/sun.nio.fs=ALL-UNNAMED -Declipse.application=org.eclipse.jdt.ls.core.id1 -Dosgi.bundles.defaultStartLevel=4 -Declipse.product=org.eclipse.jdt.ls.core.product -Djava.import.generatesMetadataFilesAtProjectRoot=false -DDetectVMInstallationsJob.disabled=true -Dfile.encoding=utf8 -XX:+UseParallelGC -XX:GCTimeRatio=4 -XX:AdaptiveSizePolicyWeight=90 -Dsun.zip.disableMemoryMapping=true -Xmx2G -Xms100m -Xlog:disable -javaagent:c:\Users\Admin\.antigravity-ide\extensions\redhat.java-1.55.0-win32-x64\lombok\lombok-1.18.39-4050.jar -XX:+HeapDumpOnOutOfMemoryError -XX:HeapDumpPath=c:\Users\Admin\AppData\Roaming\Antigravity IDE\User\workspaceStorage\7274a2bb74da70b52ce22631336b4a77\redhat.java -Daether.dependencyCollector.impl=bf 
java_command: c:\Users\Admin\.antigravity-ide\extensions\redhat.java-1.55.0-win32-x64\server\plugins\org.eclipse.equinox.launcher_1.7.200.v20260619-2039.jar -configuration c:\Users\Admin\AppData\Roaming\Antigravity IDE\User\globalStorage\redhat.java\1.55.0\config_win -data c:\Users\Admin\AppData\Roaming\Antigravity IDE\User\workspaceStorage\7274a2bb74da70b52ce22631336b4a77\redhat.java\jdt_ws --pipe=\\.\pipe\lsp-7ccac129c583c3d9d2870619164f6a3e-sock
java_class_path (initial): c:\Users\Admin\.antigravity-ide\extensions\redhat.java-1.55.0-win32-x64\server\plugins\org.eclipse.equinox.launcher_1.7.200.v20260619-2039.jar
Launcher Type: SUN_STANDARD

[Global flags]
    uintx AdaptiveSizePolicyWeight                 = 90                                        {product} {command line}
     intx CICompilerCount                          = 4                                         {product} {ergonomic}
    uintx GCTimeRatio                              = 4                                         {product} {command line}
     bool HeapDumpOnOutOfMemoryError               = true                                   {manageable} {command line}
    ccstr HeapDumpPath                             = c:\Users\Admin\AppData\Roaming\Antigravity IDE\User\workspaceStorage\7274a2bb74da70b52ce22631336b4a77\redhat.java         {manageable} {command line}
   size_t InitialHeapSize                          = 104857600                                 {product} {command line}
   size_t MaxHeapSize                              = 2147483648                                {product} {command line}
   size_t MaxNewSize                               = 715653120                                 {product} {ergonomic}
   size_t MinHeapDeltaBytes                        = 524288                                    {product} {ergonomic}
   size_t MinHeapSize                              = 104857600                                 {product} {command line}
   size_t NewSize                                  = 34603008                                  {product} {ergonomic}
    uintx NonNMethodCodeHeapSize                   = 5839372                                {pd product} {ergonomic}
    uintx NonProfiledCodeHeapSize                  = 122909434                              {pd product} {ergonomic}
   size_t OldSize                                  = 70254592                                  {product} {ergonomic}
    uintx ProfiledCodeHeapSize                     = 122909434                              {pd product} {ergonomic}
    uintx ReservedCodeCacheSize                    = 251658240                              {pd product} {ergonomic}
     bool SegmentedCodeCache                       = true                                      {product} {ergonomic}
   size_t SoftMaxHeapSize                          = 2147483648                             {manageable} {ergonomic}
     bool UseCompressedOops                        = true                           {product lp64_product} {ergonomic}
     bool UseLargePagesIndividualAllocation        = false                                  {pd product} {ergonomic}
     bool UseParallelGC                            = true                                      {product} {command line}

Logging:
Log output configuration:
 #0: stdout all=off uptime,level,tags foldmultilines=false
 #1: stderr all=off uptime,level,tags foldmultilines=false

Release file:
JAVA_VERSION="21.0.11" 
MODULES="java.base java.compiler java.datatransfer java.xml java.prefs java.desktop java.instrument java.logging java.management java.security.sasl java.naming java.rmi java.management.rmi java.net.http java.scripting java.security.jgss java.transaction.xa java.sql java.sql.rowset java.xml.crypto java.se java.smartcardio jdk.accessibility jdk.internal.jvmstat jdk.attach jdk.charsets jdk.internal.opt jdk.zipfs jdk.compiler jdk.crypto.ec jdk.crypto.cryptoki jdk.crypto.mscapi jdk.dynalink jdk.internal.ed jdk.editpad jdk.hotspot.agent jdk.httpserver jdk.internal.le jdk.internal.vm.ci jdk.internal.vm.compiler jdk.internal.vm.compiler.management jdk.jartool jdk.javadoc jdk.jcmd jdk.management jdk.management.agent jdk.jconsole jdk.jdeps jdk.jdwp.agent jdk.jdi jdk.jfr jdk.jshell jdk.jsobject jdk.jstatd jdk.localedata jdk.management.jfr jdk.naming.dns jdk.naming.rmi jdk.net jdk.nio.mapmode jdk.random jdk.sctp jdk.security.auth jdk.security.jgss jdk.unsupported jdk.unsupported.desktop jdk.xml.dom" 

Environment Variables:
PATH=C:\ProgramData\Oracle\Java\javapath;C:\Program Files (x86)\Common Files\Oracle\Java\java8path;C:\Program Files (x86)\Common Files\Oracle\Java\javapath;C:\Windows\system32;C:\Windows;C:\Windows\System32\Wbem;C:\Windows\System32\WindowsPowerShell\v1.0\;C:\Windows\System32\OpenSSH\;C:\Program Files\NVIDIA Corporation\NVIDIA App\NvDLISR;C:\Program Files (x86)\NVIDIA Corporation\PhysX\Common;C:\Program Files\Cloudflare\Cloudflare WARP\;C:\Program Files\nodejs\;C:\Program Files\dotnet\;C:\Program Files\Git\cmd;C:\Program Files\Java\jdk-9.0.4\bin;C:\Users\Admin\.local\bin;C:\Users\Admin\AppData\Local\Microsoft\WindowsApps;C:\Users\Admin\AppData\Local\Programs\Antigravity IDE\bin;C:\Users\Admin\AppData\Roaming\npm;C:\Users\Admin\AppData\Local\Python\bin;C:\Users\Admin\AppData\Local\omp
USERNAME=Admin
OS=Windows_NT
PROCESSOR_IDENTIFIER=AMD64 Family 25 Model 124 Stepping 0, AuthenticAMD
TMP=C:\Users\Admin\AppData\Local\Temp
TEMP=C:\Users\Admin\AppData\Local\Temp




Periodic native trim disabled

---------------  S Y S T E M  ---------------

OS:
 Windows 10 , 64 bit Build 19041 (10.0.19041.5915)
OS uptime: 0 days 5:48 hours
Hyper-V role detected

CPU: total 12 (initial active 12) (12 cores per cpu, 2 threads per core) family 25 model 124 stepping 0 microcode 0x0, cx8, cmov, fxsr, ht, mmx, 3dnowpref, sse, sse2, sse3, ssse3, sse4a, sse4.1, sse4.2, popcnt, lzcnt, tsc, tscinvbit, avx, avx2, aes, erms, clmul, bmi1, bmi2, adx, avx512f, avx512dq, avx512cd, avx512bw, avx512vl, sha, fma, vzeroupper, avx512_vpopcntdq, avx512_vpclmulqdq, avx512_vaes, avx512_vnni, clflush, clflushopt, avx512_vbmi2, avx512_vbmi, hv, rdtscp, rdpid, fsrm, gfni, avx512_bitalg, f16c, cet_ss, avx512_ifma
Processor Information for the first 12 processors :
  Max Mhz: 3201, Current Mhz: 3201, Mhz Limit: 3201

Memory: 4k page, system-wide physical 14063M (421M free)
TotalPageFile size 22255M (AvailPageFile size 8M)
current process WorkingSet (physical memory assigned to process): 1174M, peak: 1174M
current process commit charge ("private bytes"): 1186M, peak: 1186M

vm_info: OpenJDK 64-Bit Server VM (21.0.11+10-LTS) for windows-amd64 JRE (21.0.11+10-LTS), built on 2026-04-21T00:00:00Z by "admin" with MS VC++ 17.12 (VS2022)

END.
